{
    "song": {
        "resolution": 192,
        "audioStreams": {
            "MusicStream": "song.ogg"
        },
        "name": "Song name",
        "artist": "Artist",
        "year": 2016,
        "player2": "bass",
        "genre": "Rock",
        "mediaType": "cd"
    },
    "syncTrack": {
        "0": {
            "events": [
                {
                    "kind": 1,
                    "signature": {
                        "numerator": 4,
                        "denominator": 4
                    }
                },
                {
                    "kind": 0,
                    "bpm": 100
                }
            ]
        },
        "1536": {
            "events": [
                {
                    "kind": 0,
                    "bpm": 120,
                    "anchorMicroSeconds": 123456
                }
            ]
        }
    },
    "difficulties": {
        "Expert": {
            "Single": {
                "1000": {
                    "events": [
                        {
                            "lanes": [
                                {
                                    "lane": 2,
                                    "sustain": 1000
                                }
                            ],
                            "forced": false,
                            "tap": false
                        }
                    ]
                },
                "1500": {
                    "events": [
                        {
                            "lanes": [
                                {
                                    "lane": 3,
                                    "sustain": 0
                                },
                                {
                                    "lane": 4,
                                    "sustain": 0
                                }
                            ],
                            "forced": false,
                            "tap": false
                        },
                        {
                            "type": 2,
                            "duration": 3000
                        }
                    ]
                },
                "1800": {
                    "events": [
                        {
                            "lanes": [
                                {
                                    "lane": 4,
                                    "sustain": 0
                                }
                            ],
                            "forced": true,
                            "tap": false
                        }
                    ]
                },
                "2000": {
                    "events": [
                        {
                            "lanes": [
                                {
                                    "lane": 5,
                                    "sustain": 0
                                }
                            ],
                            "forced": false,
                            "tap": true
                        }
                    ]
                }
            }
        }
    },
    "events": {
        "0": {
            "events": [
                {
                    "kind": 0,
                    "name": "intro"
                }
            ]
        },
        "30000": {
            "events": [
                {
                    "kind": 0,
                    "name": "chorus"
                }
            ]
        },
        "40000": {
            "events": [
                {
                    "kind": 0,
                    "name": "solo"
                }
            ]
        }
    }
}