{
    "sections": [
        {
            "title": "Song",
            "content": {
                "Name": [
                    "\"At Doom's Gate\""
                ],
                "Artist": [
                    "\"Mick Gordon\""
                ],
                "Charter": [
                    "\"Shankocity\""
                ],
                "Year": [
                    "\", 2016\""
                ],
                "Offset": [
                    0
                ],
                "Resolution": [
                    192
                ],
                "Player2": [
                    "bass"
                ],
                "Difficulty": [
                    6
                ],
                "PreviewStart": [
                    0
                ],
                "PreviewEnd": [
                    0
                ],
                "Genre": [
                    "\"Hell\""
                ],
                "MediaType": [
                    "\"cd\""
                ],
                "MusicStream": [
                    "\"song.ogg\""
                ]
            }
        },
        {
            "title": "SyncTrack",
            "content": {
                "0": [
                    "B",
                    146000
                ],
                "768": [
                    "B",
                    148000
                ],
                "1536": [
                    "B",
                    161000
                ]
            }
        },
        {
            "title": "Events",
            "content": {
                "1536": [
                    "E",
                    "\"section 6\""
                ],
                "13824": [
                    "E",
                    "\"section 6\""
                ],
                "23040": [
                    "E",
                    "\"section 6\""
                ]
            }
        },
        {
            "title": "ExpertSingle",
            "content": {
                "1536": [
                    "S",
                    2,
                    3168
                ],
                "4608": [
                    "N",
                    7,
                    3072
                ],
                "8832": [
                    "N",
                    6,
                    0
                ],
                "8928": [
                    "N",
                    6,
                    0
                ],
                "9024": [
                    "N",
                    6,
                    0
                ],
                "9120": [
                    "N",
                    6,
                    0
                ],
                "9216": [
                    "N",
                    6,
                    0
                ],
                "9264": [
                    "N",
                    6,
                    0
                ],
                "9312": [
                    "N",
                    6,
                    0
                ],
                "9360": [
                    "N",
                    6,
                    0
                ],
                "9408": [
                    "N",
                    6,
                    0
                ],
                "10752": [
                    "N",
                    6,
                    0
                ],
                "11520": [
                    "N",
                    6,
                    0
                ],
                "11616": [
                    "N",
                    6,
                    0
                ],
                "11712": [
                    "N",
                    6,
                    0
                ],
                "11808": [
                    "N",
                    6,
                    0
                ],
                "11904": [
                    "N",
                    6,
                    0
                ],
                "12000": [
                    "N",
                    6,
                    0
                ],
                "12096": [
                    "N",
                    6,
                    0
                ],
                "12192": [
                    "N",
                    6,
                    0
                ],
                "12288": [
                    "N",
                    6,
                    0
                ],
                "13824": [
                    "N",
                    7,
                    0
                ],
                "13920": [
                    "N",
                    7,
                    0
                ],
                "14400": [
                    "N",
                    7,
                    0
                ],
                "14496": [
                    "N",
                    7,
                    0
                ],
                "14592": [
                    "N",
                    6,
                    0
                ],
                "14688": [
                    "N",
                    6,
                    0
                ],
                "14784": [
                    "N",
                    6,
                    0
                ],
                "14880": [
                    "N",
                    6,
                    0
                ],
                "14976": [
                    "N",
                    6,
                    0
                ],
                "16320": [
                    "N",
                    6,
                    0
                ],
                "16368": [
                    "N",
                    6,
                    0
                ],
                "16416": [
                    "N",
                    6,
                    0
                ],
                "16464": [
                    "N",
                    6,
                    0
                ],
                "16896": [
                    "N",
                    7,
                    0
                ],
                "16992": [
                    "N",
                    7,
                    0
                ],
                "17472": [
                    "N",
                    7,
                    0
                ],
                "17568": [
                    "N",
                    7,
                    0
                ],
                "18432": [
                    "S",
                    2,
                    1632
                ],
                "18528": [
                    "N",
                    0,
                    0
                ],
                "18624": [
                    "N",
                    4,
                    0
                ],
                "18720": [
                    "N",
                    0,
                    0
                ],
                "18816": [
                    "N",
                    0,
                    0
                ],
                "18912": [
                    "N",
                    2,
                    0
                ],
                "19008": [
                    "N",
                    0,
                    0
                ],
                "19104": [
                    "N",
                    0,
                    0
                ],
                "19200": [
                    "N",
                    3,
                    0
                ],
                "19296": [
                    "N",
                    0,
                    0
                ],
                "19392": [
                    "N",
                    0,
                    0
                ],
                "19488": [
                    "N",
                    1,
                    0
                ],
                "19584": [
                    "N",
                    1,
                    0
                ],
                "19680": [
                    "N",
                    1,
                    0
                ],
                "19776": [
                    "N",
                    1,
                    0
                ],
                "19872": [
                    "N",
                    1,
                    0
                ],
                "19968": [
                    "N",
                    7,
                    0
                ],
                "20064": [
                    "N",
                    7,
                    0
                ],
                "20160": [
                    "N",
                    4,
                    0
                ],
                "20256": [
                    "N",
                    0,
                    0
                ],
                "20352": [
                    "N",
                    0,
                    0
                ],
                "20448": [
                    "N",
                    2,
                    0
                ],
                "20544": [
                    "N",
                    7,
                    0
                ],
                "20640": [
                    "N",
                    7,
                    0
                ],
                "20736": [
                    "N",
                    3,
                    0
                ],
                "20832": [
                    "N",
                    0,
                    0
                ],
                "20928": [
                    "N",
                    0,
                    0
                ],
                "21024": [
                    "N",
                    1,
                    0
                ],
                "21120": [
                    "N",
                    0,
                    0
                ],
                "21216": [
                    "N",
                    0,
                    0
                ],
                "21312": [
                    "N",
                    2,
                    0
                ],
                "21408": [
                    "N",
                    3,
                    0
                ],
                "21504": [
                    "N",
                    7,
                    0
                ],
                "21600": [
                    "N",
                    7,
                    0
                ],
                "21696": [
                    "N",
                    4,
                    0
                ],
                "21792": [
                    "N",
                    0,
                    0
                ],
                "21888": [
                    "N",
                    0,
                    0
                ],
                "21984": [
                    "N",
                    2,
                    0
                ],
                "22080": [
                    "N",
                    7,
                    0
                ],
                "22176": [
                    "N",
                    7,
                    0
                ],
                "22272": [
                    "N",
                    3,
                    0
                ],
                "22368": [
                    "N",
                    0,
                    0
                ],
                "22464": [
                    "N",
                    0,
                    0
                ],
                "22560": [
                    "N",
                    1,
                    0
                ],
                "22656": [
                    "N",
                    1,
                    0
                ],
                "22752": [
                    "N",
                    1,
                    0
                ],
                "22848": [
                    "N",
                    1,
                    0
                ],
                "22944": [
                    "N",
                    1,
                    0
                ],
                "23040": [
                    "N",
                    7,
                    0
                ],
                "23136": [
                    "N",
                    7,
                    240
                ],
                "23424": [
                    "N",
                    4,
                    192
                ],
                "23616": [
                    "N",
                    7,
                    0
                ],
                "23712": [
                    "N",
                    7,
                    144
                ],
                "23904": [
                    "N",
                    7,
                    0
                ],
                "24000": [
                    "N",
                    7,
                    144
                ],
                "24192": [
                    "N",
                    2,
                    0
                ],
                "24288": [
                    "N",
                    7,
                    240
                ],
                "24576": [
                    "N",
                    7,
                    0
                ],
                "24672": [
                    "N",
                    7,
                    240
                ],
                "24960": [
                    "N",
                    3,
                    192
                ],
                "25152": [
                    "N",
                    7,
                    0
                ],
                "25248": [
                    "N",
                    7,
                    144
                ],
                "25440": [
                    "N",
                    7,
                    0
                ],
                "25536": [
                    "N",
                    7,
                    144
                ],
                "25728": [
                    "S",
                    2,
                    1776
                ],
                "26112": [
                    "N",
                    7,
                    0
                ],
                "26208": [
                    "N",
                    7,
                    144
                ],
                "26400": [
                    "N",
                    7,
                    0
                ],
                "26496": [
                    "N",
                    4,
                    192
                ],
                "26688": [
                    "N",
                    7,
                    0
                ],
                "26784": [
                    "N",
                    7,
                    144
                ],
                "26976": [
                    "N",
                    7,
                    0
                ],
                "27072": [
                    "N",
                    7,
                    144
                ],
                "27264": [
                    "N",
                    2,
                    0
                ],
                "27360": [
                    "N",
                    7,
                    240
                ],
                "27648": [
                    "N",
                    7,
                    0
                ],
                "27744": [
                    "N",
                    7,
                    240
                ],
                "28032": [
                    "N",
                    3,
                    192
                ],
                "28224": [
                    "N",
                    7,
                    0
                ],
                "28320": [
                    "N",
                    7,
                    144
                ],
                "28512": [
                    "N",
                    7,
                    0
                ],
                "28608": [
                    "N",
                    7,
                    144
                ],
                "28800": [
                    "N",
                    1,
                    0
                ],
                "28896": [
                    "N",
                    7,
                    0
                ],
                "29184": [
                    "S",
                    2,
                    1488
                ],
                "29280": [
                    "N",
                    7,
                    240
                ],
                "29568": [
                    "N",
                    4,
                    192
                ],
                "29760": [
                    "N",
                    7,
                    0
                ],
                "29856": [
                    "N",
                    7,
                    144
                ],
                "30048": [
                    "N",
                    7,
                    0
                ],
                "30144": [
                    "N",
                    7,
                    144
                ],
                "30336": [
                    "N",
                    2,
                    0
                ],
                "30432": [
                    "N",
                    7,
                    240
                ],
                "30720": [
                    "N",
                    7,
                    0
                ],
                "30816": [
                    "N",
                    7,
                    144
                ],
                "31008": [
                    "N",
                    7,
                    0
                ],
                "31104": [
                    "N",
                    3,
                    192
                ],
                "31296": [
                    "N",
                    7,
                    0
                ],
                "31392": [
                    "N",
                    7,
                    144
                ],
                "31584": [
                    "N",
                    7,
                    0
                ],
                "31680": [
                    "N",
                    7,
                    144
                ],
                "31872": [
                    "N",
                    1,
                    384
                ],
                "32256": [
                    "N",
                    7,
                    0
                ],
                "32352": [
                    "N",
                    7,
                    144
                ],
                "32544": [
                    "N",
                    7,
                    0
                ],
                "32640": [
                    "N",
                    4,
                    192
                ],
                "32832": [
                    "N",
                    7,
                    0
                ],
                "32928": [
                    "N",
                    7,
                    144
                ],
                "33120": [
                    "N",
                    7,
                    0
                ],
                "33216": [
                    "N",
                    7,
                    144
                ],
                "33408": [
                    "N",
                    2,
                    0
                ],
                "33504": [
                    "N",
                    7,
                    240
                ],
                "33792": [
                    "N",
                    7,
                    0
                ],
                "33888": [
                    "N",
                    7,
                    0
                ],
                "34080": [
                    "N",
                    7,
                    0
                ],
                "34176": [
                    "N",
                    7,
                    0
                ],
                "34368": [
                    "N",
                    7,
                    0
                ],
                "34464": [
                    "N",
                    7,
                    0
                ],
                "34656": [
                    "N",
                    7,
                    0
                ],
                "34752": [
                    "N",
                    7,
                    0
                ]
            }
        }
    ]
}