{
    "sections": [
        {
            "title": "Song",
            "content": {
                "Resolution": [
                    192
                ]
            }
        },
        {
            "title": "SyncTrack",
            "content": {
                "0": [
                    "B",
                    120000
                ],
                "3072": [
                    "B",
                    83000
                ],
                "9984": [
                    "B",
                    186000
                ],
                "10368": [
                    "TS",
                    4
                ]
            }
        },
        {
            "title": "Events",
            "content": {
                "768": [
                    "E",
                    "\"section Intro\""
                ],
                "1152": [
                    "E",
                    "\"phrase_start\""
                ],
                "1200": [
                    "E",
                    "\"lyric lyric\""
                ],
                "1320": [
                    "E",
                    "\"phrase_end\""
                ]
            }
        },
        {
            "title": "ExpertSingle",
            "content": {
                "3744": [
                    "N",
                    6,
                    0
                ],
                "3792": [
                    "N",
                    6,
                    0
                ],
                "3840": [
                    "N",
                    5,
                    0
                ],
                "3936": [
                    "N",
                    7,
                    0
                ],
                "4032": [
                    "N",
                    7,
                    0
                ]
            }
        }
    ]
}