{
    "sections": [
        {
            "title": "Song",
            "content": {
                "Resolution": [
                    192
                ]
            }
        },
        {
            "title": "SyncTrack",
            "content": {
                "0": [
                    "TS",
                    4
                ]
            }
        },
        {
            "title": "Events",
            "content": {
                "10": [
                    "E",
                    "\"Beginning\""
                ],
                "20": [
                    "E",
                    "\"End\""
                ]
            }
        },
        {
            "title": "EasySingle",
            "content": {
                "0": [
                    "N",
                    0,
                    0
                ]
            }
        }
    ]
}